---
source: src/main.rs
expression: content
---
<!doctype html>
<html>
<meta charset="utf-8">
<meta name="viewport" content="width=device-width, initial-scale=1" />
<title>gemini example file</title>
<body>
<h1>gemini example file</h1>
<p></p>
<p>Should contain all the gemtext specifications.</p>
<p></p>
<h2>A first heading 2</h2>
<p></p>
<p>Lets start with two separated lists</p>
<p></p>
<ul>
<li>First element</li>
<li>The second is good</li>
<li>The third is indented !</li>
<li>   The fourth is delayed</li>
</ul>
<p></p>
<ul>
<li>Hey, I'm the first element of a second list</li>
<li>The second is the best in all cases</li>
</ul>
<p></p>
<pre>
Some preformatted simple text

&lt;p&gt;A html tag in preformatted&lt;/p&gt;
Some preformatted chars and emojis : &amp;;\"🌳
</pre>
<p></p>
<p>Quotes for cultured people 😅 :</p>
<p></p>
TODO QUOTE: How do you want to do this ?<br />
TODO QUOTE: You can certainly try<br />
TODO QUOTE: At dawn, we plan !<br />
<p></p>
<h3>A Heading 3</h3>
<p></p>
<p>Following, a link without description, and an image without description</p>
<p></p>
<a href="https://wikipedia.org/wiki/Gemini_(protocol)">https://wikipedia.org/wiki/Gemini_(protocol)</a><br />
<a href="https://upload.wikimedia.org/wikipedia/commons/0/0b/D%26D_Game_1.jpg"><img src="https://upload.wikimedia.org/wikipedia/commons/0/0b/D%26D_Game_1.jpg" alt="https://upload.wikimedia.org/wikipedia/commons/0/0b/D%26D_Game_1.jpg" /></a><br />
<a href="https://geminiprotocol.net/docs/gemtext-specification.gmi">A link to the gemtext specification</a><br />
<a href="https://upload.wikimedia.org/wikipedia/commons/thumb/a/a8/Screenshot_of_Amfora.png/960px-Screenshot_of_Amfora.png"><img src="https://upload.wikimedia.org/wikipedia/commons/thumb/a/a8/Screenshot_of_Amfora.png/960px-Screenshot_of_Amfora.png" alt="A link to an image" /></a><br />
<a href="gemini://geminiprotocol.net/docs/gemtext-specification.gmi">A gemini link (you need a gemini browser)</a><br />
<a href="gemini://geminiprotocol.net/docs/gemtext-specification.gmi">A gemini link with spaces</a><br />
<a href="images/avatar.avif"><img src="images/avatar.avif" alt="A relative link to an AVIF image" /></a><br />
<p></p>
<h2>Another heading 2</h2>
<h2>The last  heading 2</h2>
<p>some infos</p></body>
</html>
